
> my-link-app@0.0.1 build
> next build

▲ Next.js 16.1.7 (Turbopack)

  Creating an optimized production build ...
✓ Compiled successfully in 2.0s
  Running TypeScript ...
  Collecting page data using 13 workers ...
  Generating static pages using 13 workers (0/4) ...
Error occurred prerendering page "/". Read more: https://nextjs.org/docs/messages/prerender-error
Error: Event handlers cannot be passed to Client Component props.
  {src: ..., alt: ..., className: ..., onError: function onError}
                                                ^^^^^^^^^^^^^^^^
If you need interactivity, consider converting part of this to a Client Component.
    at stringify (<anonymous>) {
  digest: '235931660'
}
Export encountered an error on /page: /, exiting the build.
⨯ Next.js build worker exited with code: 1 and signal: null
